------------------------------------------------------------
TimeQuest Timing Analyzer Summary
------------------------------------------------------------

Type  : Setup 'i_soc|pll_0|altera_pll_i|general[1].gpll~PLL_OUTPUT_COUNTER|divclk'
Slack : 5.571
TNS   : 0.000

Type  : Setup 'i_soc|pll_0|altera_pll_i|general[0].gpll~PLL_OUTPUT_COUNTER|divclk'
Slack : 29.396
TNS   : 0.000

Type  : Setup 'JTAG_TCK'
Slack : 93.766
TNS   : 0.000

Type  : Hold 'i_soc|pll_0|altera_pll_i|general[0].gpll~PLL_OUTPUT_COUNTER|divclk'
Slack : 0.241
TNS   : 0.000

Type  : Hold 'JTAG_TCK'
Slack : 0.298
TNS   : 0.000

Type  : Hold 'i_soc|pll_0|altera_pll_i|general[1].gpll~PLL_OUTPUT_COUNTER|divclk'
Slack : 0.374
TNS   : 0.000

Type  : Recovery 'i_soc|pll_0|altera_pll_i|general[1].gpll~PLL_OUTPUT_COUNTER|divclk'
Slack : 6.610
TNS   : 0.000

Type  : Recovery 'i_soc|pll_0|altera_pll_i|general[0].gpll~PLL_OUTPUT_COUNTER|divclk'
Slack : 44.568
TNS   : 0.000

Type  : Removal 'i_soc|pll_0|altera_pll_i|general[1].gpll~PLL_OUTPUT_COUNTER|divclk'
Slack : 0.110
TNS   : 0.000

Type  : Removal 'i_soc|pll_0|altera_pll_i|general[0].gpll~PLL_OUTPUT_COUNTER|divclk'
Slack : 0.499
TNS   : 0.000

Type  : Minimum Pulse Width 'i_soc|pll_0|altera_pll_i|general[0].gpll~FRACTIONAL_PLL|vcoph[0]'
Slack : 1.666
TNS   : 0.000

Type  : Minimum Pulse Width 'i_soc|pll_0|altera_pll_i|general[1].gpll~PLL_OUTPUT_COUNTER|divclk'
Slack : 4.202
TNS   : 0.000

Type  : Minimum Pulse Width 'MAX10_CLK2_50'
Slack : 9.670
TNS   : 0.000

Type  : Minimum Pulse Width 'i_soc|pll_0|altera_pll_i|general[0].gpll~PLL_OUTPUT_COUNTER|divclk'
Slack : 23.762
TNS   : 0.000

Type  : Minimum Pulse Width 'JTAG_TCK'
Slack : 99.223
TNS   : 0.000

------------------------------------------------------------
